apiVersion: v1
kind: Namespace
metadata:
  annotations:
    argocd.argoproj.io/sync-options: Delete=false
    team: team1
  labels:
    name: my-namespace
  name: my-namespace
