apiVersion: v1
kind: Namespace
metadata:
  annotations:
    argocd.argoproj.io/sync-options: Delete=false
  labels:
    name: fancy-app
    team: team2
  name: fancy-app
